# serializer version: 1
# name: test_carbon_intensity_by_coordinates
  HomeAssistantCarbonIntensityResponse(status='ok', country_code='DE', data=HomeAssistantCarbonIntensityData(carbon_intensity=474.0, fossil_fuel_percentage=42.22), units=HomeAssistantCarbonIntensityUnit(carbon_intensity='gCO2eq/kWh'))
# ---
# name: test_json_request_without_session
  HomeAssistantCarbonIntensityResponse(status='ok', country_code='DE', data=HomeAssistantCarbonIntensityData(carbon_intensity=474.0, fossil_fuel_percentage=42.22), units=HomeAssistantCarbonIntensityUnit(carbon_intensity='gCO2eq/kWh'))
# ---
# name: test_zones_request
  dict({
    'AD': Zone(zone_name='Andorra', country_name=None),
    'AE': Zone(zone_name='United Arab Emirates', country_name=None),
    'AF': Zone(zone_name='Afghanistan', country_name=None),
    'AG': Zone(zone_name='Antigua and Barbuda', country_name=None),
    'AL': Zone(zone_name='Albania', country_name=None),
    'AM': Zone(zone_name='Armenia', country_name=None),
    'AO': Zone(zone_name='Angola', country_name=None),
    'AR': Zone(zone_name='Argentina', country_name=None),
    'AT': Zone(zone_name='Austria', country_name=None),
    'AU': Zone(zone_name='Australia', country_name=None),
    'AU-LH': Zone(zone_name='Lord Howe Island', country_name='Australia'),
    'AU-NSW': Zone(zone_name='New South Wales', country_name='Australia'),
    'AU-NT': Zone(zone_name='Northern Territory', country_name='Australia'),
    'AU-QLD': Zone(zone_name='Queensland', country_name='Australia'),
    'AU-SA': Zone(zone_name='South Australia', country_name='Australia'),
    'AU-TAS': Zone(zone_name='Tasmania', country_name='Australia'),
    'AU-TAS-CBI': Zone(zone_name='Cape Barren Island', country_name='Australia'),
    'AU-TAS-FI': Zone(zone_name='Flinders Island', country_name='Australia'),
    'AU-TAS-KI': Zone(zone_name='King Island', country_name='Australia'),
    'AU-VIC': Zone(zone_name='Victoria', country_name='Australia'),
    'AU-WA': Zone(zone_name='Western Australia', country_name='Australia'),
    'AU-WA-RI': Zone(zone_name='Rottnest Island', country_name='Australia'),
    'AW': Zone(zone_name='Aruba', country_name=None),
    'AX': Zone(zone_name='Åland Islands', country_name=None),
    'AZ': Zone(zone_name='Azerbaijan', country_name=None),
    'BA': Zone(zone_name='Bosnia and Herzegovina', country_name=None),
    'BB': Zone(zone_name='Barbados', country_name=None),
    'BD': Zone(zone_name='Bangladesh', country_name=None),
    'BE': Zone(zone_name='Belgium', country_name=None),
    'BF': Zone(zone_name='Burkina Faso', country_name=None),
    'BG': Zone(zone_name='Bulgaria', country_name=None),
    'BH': Zone(zone_name='Bahrain', country_name=None),
    'BI': Zone(zone_name='Burundi', country_name=None),
    'BJ': Zone(zone_name='Benin', country_name=None),
    'BN': Zone(zone_name='Brunei', country_name=None),
    'BO': Zone(zone_name='Bolivia', country_name=None),
    'BR': Zone(zone_name='Brazil', country_name=None),
    'BR-CS': Zone(zone_name='Central Brazil', country_name='Brazil'),
    'BR-N': Zone(zone_name='North Brazil', country_name='Brazil'),
    'BR-NE': Zone(zone_name='North-East Brazil', country_name='Brazil'),
    'BR-S': Zone(zone_name='South Brazil', country_name='Brazil'),
    'BS': Zone(zone_name='Bahamas', country_name=None),
    'BT': Zone(zone_name='Bhutan', country_name=None),
    'BW': Zone(zone_name='Botswana', country_name=None),
    'BY': Zone(zone_name='Belarus', country_name=None),
    'BZ': Zone(zone_name='Belize', country_name=None),
    'CA-AB': Zone(zone_name='Alberta', country_name='Canada'),
    'CA-BC': Zone(zone_name='British Columbia', country_name='Canada'),
    'CA-MB': Zone(zone_name='Manitoba', country_name='Canada'),
    'CA-NB': Zone(zone_name='New Brunswick', country_name='Canada'),
    'CA-NL-LB': Zone(zone_name='Labrador', country_name='Canada'),
    'CA-NL-NF': Zone(zone_name='Newfoundland', country_name='Canada'),
    'CA-NS': Zone(zone_name='Nova Scotia', country_name='Canada'),
    'CA-NT': Zone(zone_name='Northwest Territories', country_name='Canada'),
    'CA-NU': Zone(zone_name='Nunavut', country_name='Canada'),
    'CA-ON': Zone(zone_name='Ontario', country_name='Canada'),
    'CA-PE': Zone(zone_name='Prince Edward Island', country_name='Canada'),
    'CA-QC': Zone(zone_name='Québec', country_name='Canada'),
    'CA-SK': Zone(zone_name='Saskatchewan', country_name='Canada'),
    'CA-YT': Zone(zone_name='Yukon', country_name='Canada'),
    'CD': Zone(zone_name='Democratic Republic of the Congo', country_name=None),
    'CF': Zone(zone_name='Central African Republic', country_name=None),
    'CG': Zone(zone_name='Congo', country_name=None),
    'CH': Zone(zone_name='Switzerland', country_name=None),
    'CI': Zone(zone_name='Ivory Coast', country_name=None),
    'CL-CHP': Zone(zone_name='Easter Island', country_name='Chile'),
    'CL-SEA': Zone(zone_name='Sistema Eléctrico de Aysén', country_name='Chile'),
    'CL-SEM': Zone(zone_name='Sistema Eléctrico de Magallanes', country_name='Chile'),
    'CL-SEN': Zone(zone_name='Sistema Eléctrico Nacional', country_name='Chile'),
    'CM': Zone(zone_name='Cameroon', country_name=None),
    'CN': Zone(zone_name='China', country_name=None),
    'CO': Zone(zone_name='Colombia', country_name=None),
    'CR': Zone(zone_name='Costa Rica', country_name=None),
    'CU': Zone(zone_name='Cuba', country_name=None),
    'CV': Zone(zone_name='Cabo Verde', country_name=None),
    'CY': Zone(zone_name='Cyprus', country_name=None),
    'CZ': Zone(zone_name='Czechia', country_name=None),
    'DE': Zone(zone_name='Germany', country_name=None),
    'DJ': Zone(zone_name='Djibouti', country_name=None),
    'DK': Zone(zone_name='Denmark', country_name=None),
    'DK-BHM': Zone(zone_name='Bornholm', country_name='Denmark'),
    'DK-DK1': Zone(zone_name='West Denmark', country_name='Denmark'),
    'DK-DK2': Zone(zone_name='East Denmark', country_name='Denmark'),
    'DM': Zone(zone_name='Dominica', country_name=None),
    'DO': Zone(zone_name='Dominican Republic', country_name=None),
    'DZ': Zone(zone_name='Algeria', country_name=None),
    'EC': Zone(zone_name='Ecuador', country_name=None),
    'EE': Zone(zone_name='Estonia', country_name=None),
    'EG': Zone(zone_name='Egypt', country_name=None),
    'EH': Zone(zone_name='Western Sahara', country_name=None),
    'ER': Zone(zone_name='Eritrea', country_name=None),
    'ES': Zone(zone_name='Spain', country_name=None),
    'ES-CE': Zone(zone_name='Ceuta', country_name='Spain'),
    'ES-CN-FVLZ': Zone(zone_name='Fuerteventura/Lanzarote', country_name='Spain'),
    'ES-CN-GC': Zone(zone_name='Gran Canaria', country_name='Spain'),
    'ES-CN-HI': Zone(zone_name='El Hierro', country_name='Spain'),
    'ES-CN-IG': Zone(zone_name='Isla de la Gomera', country_name='Spain'),
    'ES-CN-LP': Zone(zone_name='La Palma', country_name='Spain'),
    'ES-CN-TE': Zone(zone_name='Tenerife', country_name='Spain'),
    'ES-IB-FO': Zone(zone_name='Formentera', country_name='Spain'),
    'ES-IB-IZ': Zone(zone_name='Ibiza', country_name='Spain'),
    'ES-IB-MA': Zone(zone_name='Mallorca', country_name='Spain'),
    'ES-IB-ME': Zone(zone_name='Menorca', country_name='Spain'),
    'ES-ML': Zone(zone_name='Melilla', country_name='Spain'),
    'ET': Zone(zone_name='Ethiopia', country_name=None),
    'FI': Zone(zone_name='Finland', country_name=None),
    'FJ': Zone(zone_name='Fiji', country_name=None),
    'FK': Zone(zone_name='Falkland Islands', country_name=None),
    'FM': Zone(zone_name='Micronesia', country_name=None),
    'FO': Zone(zone_name='Faroe Islands', country_name=None),
    'FO-MI': Zone(zone_name='Main Islands', country_name='Faroe Islands'),
    'FO-SI': Zone(zone_name='South Island', country_name='Faroe Islands'),
    'FR': Zone(zone_name='France', country_name=None),
    'FR-COR': Zone(zone_name='Corsica', country_name='France'),
    'GA': Zone(zone_name='Gabon', country_name=None),
    'GB': Zone(zone_name='Great Britain', country_name=None),
    'GB-NIR': Zone(zone_name='Northern Ireland', country_name=None),
    'GB-ORK': Zone(zone_name='Orkney Islands', country_name='Great Britain'),
    'GB-ZET': Zone(zone_name='Unknown', country_name=None),
    'GE': Zone(zone_name='Georgia', country_name=None),
    'GF': Zone(zone_name='French Guiana', country_name=None),
    'GH': Zone(zone_name='Ghana', country_name=None),
    'GL': Zone(zone_name='Greenland', country_name=None),
    'GM': Zone(zone_name='Gambia', country_name=None),
    'GN': Zone(zone_name='Guinea', country_name=None),
    'GP': Zone(zone_name='Guadeloupe', country_name=None),
    'GQ': Zone(zone_name='Equatorial Guinea', country_name=None),
    'GR': Zone(zone_name='Greece', country_name=None),
    'GR-IS': Zone(zone_name='Aegean Islands', country_name='Greece'),
    'GS': Zone(zone_name='South Georgia and the South Sandwich Islands', country_name=None),
    'GT': Zone(zone_name='Guatemala', country_name=None),
    'GU': Zone(zone_name='Guam', country_name=None),
    'GW': Zone(zone_name='Guinea-Bissau', country_name=None),
    'GY': Zone(zone_name='Guyana', country_name=None),
    'HK': Zone(zone_name='Hong Kong', country_name=None),
    'HM': Zone(zone_name='Heard Island and McDonald Islands', country_name=None),
    'HN': Zone(zone_name='Honduras', country_name=None),
    'HR': Zone(zone_name='Croatia', country_name=None),
    'HT': Zone(zone_name='Haiti', country_name=None),
    'HU': Zone(zone_name='Hungary', country_name=None),
    'ID': Zone(zone_name='Indonesia', country_name=None),
    'IE': Zone(zone_name='Ireland', country_name=None),
    'IL': Zone(zone_name='Israel', country_name=None),
    'IM': Zone(zone_name='Isle of Man', country_name=None),
    'IN': Zone(zone_name='Mainland India', country_name=None),
    'IN-AN': Zone(zone_name='Andaman and Nicobar Islands', country_name='India'),
    'IN-DL': Zone(zone_name='Delhi', country_name='India'),
    'IN-EA': Zone(zone_name='Eastern India', country_name='India'),
    'IN-HP': Zone(zone_name='Himachal Pradesh', country_name='India'),
    'IN-KA': Zone(zone_name='Karnataka', country_name='India'),
    'IN-MH': Zone(zone_name='Maharashtra', country_name='India'),
    'IN-NE': Zone(zone_name='North Eastern India', country_name='India'),
    'IN-NO': Zone(zone_name='Northern India', country_name='India'),
    'IN-PB': Zone(zone_name='Punjab', country_name='India'),
    'IN-SO': Zone(zone_name='Southern India', country_name='India'),
    'IN-UP': Zone(zone_name='Uttar Pradesh', country_name='India'),
    'IN-UT': Zone(zone_name='Uttarakhand', country_name='India'),
    'IN-WE': Zone(zone_name='Western India', country_name='India'),
    'IQ': Zone(zone_name='Iraq', country_name=None),
    'IQ-KUR': Zone(zone_name='Kurdistan', country_name='Iraq'),
    'IR': Zone(zone_name='Iran', country_name=None),
    'IS': Zone(zone_name='Iceland', country_name=None),
    'IT': Zone(zone_name='Italy', country_name=None),
    'IT-CNO': Zone(zone_name='Central North Italy', country_name='Italy'),
    'IT-CSO': Zone(zone_name='Central South Italy', country_name='Italy'),
    'IT-NO': Zone(zone_name='North Italy', country_name='Italy'),
    'IT-SAR': Zone(zone_name='Sardinia', country_name='Italy'),
    'IT-SIC': Zone(zone_name='Sicily', country_name='Italy'),
    'IT-SO': Zone(zone_name='South Italy', country_name='Italy'),
    'JM': Zone(zone_name='Jamaica', country_name=None),
    'JO': Zone(zone_name='Jordan', country_name=None),
    'JP': Zone(zone_name='Japan', country_name=None),
    'JP-CB': Zone(zone_name='Chūbu', country_name='Japan'),
    'JP-CG': Zone(zone_name='Chūgoku', country_name='Japan'),
    'JP-HKD': Zone(zone_name='Hokkaidō', country_name='Japan'),
    'JP-HR': Zone(zone_name='Hokuriku', country_name='Japan'),
    'JP-KN': Zone(zone_name='Kansai', country_name='Japan'),
    'JP-KY': Zone(zone_name='Kyūshū', country_name='Japan'),
    'JP-ON': Zone(zone_name='Okinawa', country_name='Japan'),
    'JP-SK': Zone(zone_name='Shikoku', country_name='Japan'),
    'JP-TH': Zone(zone_name='Tōhoku', country_name='Japan'),
    'JP-TK': Zone(zone_name='Tōkyō', country_name='Japan'),
    'KE': Zone(zone_name='Kenya', country_name=None),
    'KG': Zone(zone_name='Kyrgyzstan', country_name=None),
    'KH': Zone(zone_name='Cambodia', country_name=None),
    'KM': Zone(zone_name='Comoros', country_name=None),
    'KP': Zone(zone_name='North Korea', country_name=None),
    'KR': Zone(zone_name='South Korea', country_name=None),
    'KW': Zone(zone_name='Kuwait', country_name=None),
    'KZ': Zone(zone_name='Kazakhstan', country_name=None),
    'LA': Zone(zone_name='Laos', country_name=None),
    'LB': Zone(zone_name='Lebanon', country_name=None),
    'LC': Zone(zone_name='Saint Lucia', country_name=None),
    'LI': Zone(zone_name='Liechtenstein', country_name=None),
    'LK': Zone(zone_name='Sri Lanka', country_name=None),
    'LR': Zone(zone_name='Liberia', country_name=None),
    'LS': Zone(zone_name='Lesotho', country_name=None),
    'LT': Zone(zone_name='Lithuania', country_name=None),
    'LU': Zone(zone_name='Luxembourg', country_name=None),
    'LV': Zone(zone_name='Latvia', country_name=None),
    'LY': Zone(zone_name='Libya', country_name=None),
    'MA': Zone(zone_name='Morocco', country_name=None),
    'MD': Zone(zone_name='Moldova', country_name=None),
    'ME': Zone(zone_name='Montenegro', country_name=None),
    'MG': Zone(zone_name='Madagascar', country_name=None),
    'MK': Zone(zone_name='North Macedonia', country_name=None),
    'ML': Zone(zone_name='Mali', country_name=None),
    'MM': Zone(zone_name='Myanmar', country_name=None),
    'MN': Zone(zone_name='Mongolia', country_name=None),
    'MQ': Zone(zone_name='Martinique', country_name=None),
    'MR': Zone(zone_name='Mauritania', country_name=None),
    'MT': Zone(zone_name='Malta', country_name=None),
    'MU': Zone(zone_name='Mauritius', country_name=None),
    'MW': Zone(zone_name='Malawi', country_name=None),
    'MX': Zone(zone_name='Mexico', country_name=None),
    'MX-BC': Zone(zone_name='Baja California', country_name='Mexico'),
    'MX-BCS': Zone(zone_name='Baja California Sur', country_name='Mexico'),
    'MX-CE': Zone(zone_name='Central', country_name='Mexico'),
    'MX-NE': Zone(zone_name='North East', country_name='Mexico'),
    'MX-NO': Zone(zone_name='North', country_name='Mexico'),
    'MX-NW': Zone(zone_name='North West', country_name='Mexico'),
    'MX-OC': Zone(zone_name='Occidental', country_name='Mexico'),
    'MX-OR': Zone(zone_name='Oriental', country_name='Mexico'),
    'MX-PN': Zone(zone_name='Peninsula', country_name='Mexico'),
    'MY-EM': Zone(zone_name='Borneo', country_name='Malaysia'),
    'MY-WM': Zone(zone_name='Peninsula', country_name='Malaysia'),
    'MZ': Zone(zone_name='Mozambique', country_name=None),
    'NA': Zone(zone_name='Namibia', country_name=None),
    'NC': Zone(zone_name='New Caledonia', country_name=None),
    'NE': Zone(zone_name='Niger', country_name=None),
    'NG': Zone(zone_name='Nigeria', country_name=None),
    'NI': Zone(zone_name='Nicaragua', country_name=None),
    'NKR': Zone(zone_name='Nagorno-Karabakh', country_name=None),
    'NL': Zone(zone_name='Netherlands', country_name=None),
    'NO': Zone(zone_name='Norway', country_name=None),
    'NO-NO1': Zone(zone_name='Southeast Norway', country_name='Norway'),
    'NO-NO2': Zone(zone_name='Southwest Norway', country_name='Norway'),
    'NO-NO3': Zone(zone_name='Middle Norway', country_name='Norway'),
    'NO-NO4': Zone(zone_name='North Norway', country_name='Norway'),
    'NO-NO5': Zone(zone_name='West Norway', country_name='Norway'),
    'NP': Zone(zone_name='Nepal', country_name=None),
    'NZ': Zone(zone_name='New Zealand', country_name=None),
    'NZ-NZA': Zone(zone_name='Auckland Islands', country_name='New Zealand'),
    'NZ-NZC': Zone(zone_name='Chatham Islands', country_name='New Zealand'),
    'NZ-NZST': Zone(zone_name='Stewart Island', country_name='New Zealand'),
    'OM': Zone(zone_name='Oman', country_name=None),
    'PA': Zone(zone_name='Panama', country_name=None),
    'PE': Zone(zone_name='Peru', country_name=None),
    'PF': Zone(zone_name='French Polynesia', country_name=None),
    'PG': Zone(zone_name='Papua New Guinea', country_name=None),
    'PH': Zone(zone_name='Philippines', country_name=None),
    'PH-LU': Zone(zone_name='Luzon', country_name='Philippines'),
    'PH-MI': Zone(zone_name='Mindanao', country_name='Philippines'),
    'PH-VI': Zone(zone_name='Visayas', country_name='Philippines'),
    'PK': Zone(zone_name='Pakistan', country_name=None),
    'PL': Zone(zone_name='Poland', country_name=None),
    'PM': Zone(zone_name='Saint Pierre and Miquelon', country_name=None),
    'PR': Zone(zone_name='Puerto Rico', country_name=None),
    'PS': Zone(zone_name='State of Palestine', country_name=None),
    'PT': Zone(zone_name='Portugal', country_name=None),
    'PT-AC': Zone(zone_name='Azores', country_name='Portugal'),
    'PT-MA': Zone(zone_name='Madeira', country_name='Portugal'),
    'PW': Zone(zone_name='Palau', country_name=None),
    'PY': Zone(zone_name='Paraguay', country_name=None),
    'QA': Zone(zone_name='Qatar', country_name=None),
    'RE': Zone(zone_name='Réunion', country_name=None),
    'RO': Zone(zone_name='Romania', country_name=None),
    'RS': Zone(zone_name='Serbia', country_name=None),
    'RU': Zone(zone_name='Russia', country_name=None),
    'RU-1': Zone(zone_name='Europe-Ural', country_name='Russia'),
    'RU-2': Zone(zone_name='Siberia', country_name='Russia'),
    'RU-AS': Zone(zone_name='East', country_name='Russia'),
    'RU-EU': Zone(zone_name='Arctic', country_name='Russia'),
    'RU-FE': Zone(zone_name='Far East', country_name='Russia'),
    'RU-KGD': Zone(zone_name='Kaliningrad', country_name='Russia'),
    'RW': Zone(zone_name='Rwanda', country_name=None),
    'SA': Zone(zone_name='Saudi Arabia', country_name=None),
    'SB': Zone(zone_name='Solomon Islands', country_name=None),
    'SD': Zone(zone_name='Sudan', country_name=None),
    'SE': Zone(zone_name='Sweden', country_name=None),
    'SE-SE1': Zone(zone_name='North Sweden', country_name='Sweden'),
    'SE-SE2': Zone(zone_name='North Central Sweden', country_name='Sweden'),
    'SE-SE3': Zone(zone_name='South Central Sweden', country_name='Sweden'),
    'SE-SE4': Zone(zone_name='South Sweden', country_name='Sweden'),
    'SG': Zone(zone_name='Singapore', country_name=None),
    'SI': Zone(zone_name='Slovenia', country_name=None),
    'SJ': Zone(zone_name='Svalbard and Jan Mayen', country_name=None),
    'SK': Zone(zone_name='Slovakia', country_name=None),
    'SL': Zone(zone_name='Sierra Leone', country_name=None),
    'SN': Zone(zone_name='Senegal', country_name=None),
    'SO': Zone(zone_name='Somalia', country_name=None),
    'SR': Zone(zone_name='Suriname', country_name=None),
    'SS': Zone(zone_name='South Sudan', country_name=None),
    'ST': Zone(zone_name='Sao Tome and Principe', country_name=None),
    'SV': Zone(zone_name='El Salvador', country_name=None),
    'SY': Zone(zone_name='Syria', country_name=None),
    'SZ': Zone(zone_name='Swaziland', country_name=None),
    'TD': Zone(zone_name='Chad', country_name=None),
    'TF': Zone(zone_name='French Southern Territories', country_name=None),
    'TG': Zone(zone_name='Togo', country_name=None),
    'TH': Zone(zone_name='Thailand', country_name=None),
    'TJ': Zone(zone_name='Tajikistan', country_name=None),
    'TL': Zone(zone_name='Timor-Leste', country_name=None),
    'TM': Zone(zone_name='Turkmenistan', country_name=None),
    'TN': Zone(zone_name='Tunisia', country_name=None),
    'TO': Zone(zone_name='Tonga', country_name=None),
    'TR': Zone(zone_name='Turkey', country_name=None),
    'TT': Zone(zone_name='Trinidad and Tobago', country_name=None),
    'TW': Zone(zone_name='Taiwan', country_name=None),
    'TZ': Zone(zone_name='Tanzania', country_name=None),
    'UA': Zone(zone_name='Ukraine', country_name=None),
    'UA-CR': Zone(zone_name='Crimea', country_name='Ukraine'),
    'UG': Zone(zone_name='Uganda', country_name=None),
    'US': Zone(zone_name='Contiguous United States', country_name=None),
    'US-AK': Zone(zone_name='Alaska', country_name='USA'),
    'US-CAL-BANC': Zone(zone_name='Balancing Authority Of Northern California', country_name='USA'),
    'US-CAL-CISO': Zone(zone_name='California Independent System Operator', country_name='USA'),
    'US-CAL-IID': Zone(zone_name='Imperial Irrigation District', country_name='USA'),
    'US-CAL-LDWP': Zone(zone_name='Los Angeles Department Of Water And Power', country_name='USA'),
    'US-CAL-TIDC': Zone(zone_name='Turlock Irrigation District', country_name='USA'),
    'US-CAR-CPLE': Zone(zone_name='Duke Energy Progress East', country_name='USA'),
    'US-CAR-CPLW': Zone(zone_name='Duke Energy Progress West', country_name='USA'),
    'US-CAR-DUK': Zone(zone_name='Duke Energy Carolinas', country_name='USA'),
    'US-CAR-SC': Zone(zone_name='South Carolina Public Service Authority', country_name='USA'),
    'US-CAR-SCEG': Zone(zone_name='South Carolina Electric & Gas Company', country_name='USA'),
    'US-CAR-YAD': Zone(zone_name='Alcoa Power Generating, Inc. Yadkin Division', country_name='USA'),
    'US-CENT-SPA': Zone(zone_name='Southwestern Power Administration', country_name='USA'),
    'US-CENT-SWPP': Zone(zone_name='Southwest Power Pool', country_name='USA'),
    'US-FLA-FMPP': Zone(zone_name='Florida Municipal Power Pool', country_name='USA'),
    'US-FLA-FPC': Zone(zone_name='Duke Energy Florida Inc', country_name='USA'),
    'US-FLA-FPL': Zone(zone_name='Florida Power & Light Company', country_name='USA'),
    'US-FLA-GVL': Zone(zone_name='Gainesville Regional Utilities', country_name='USA'),
    'US-FLA-HST': Zone(zone_name='City Of Homestead', country_name='USA'),
    'US-FLA-JEA': Zone(zone_name='Jacksonville Electric Authority', country_name='USA'),
    'US-FLA-SEC': Zone(zone_name='Seminole Electric Cooperative', country_name='USA'),
    'US-FLA-TAL': Zone(zone_name='City Of Tallahassee', country_name='USA'),
    'US-FLA-TEC': Zone(zone_name='Tampa Electric Company', country_name='USA'),
    'US-HI-HA': Zone(zone_name='Hawaii', country_name='USA'),
    'US-HI-KA': Zone(zone_name='Kauai', country_name='USA'),
    'US-HI-KH': Zone(zone_name='Kahoolawe', country_name='USA'),
    'US-HI-LA': Zone(zone_name='Lanai', country_name='USA'),
    'US-HI-MA': Zone(zone_name='Maui', country_name='USA'),
    'US-HI-MO': Zone(zone_name='Molokai', country_name='USA'),
    'US-HI-NI': Zone(zone_name='Niihau', country_name='USA'),
    'US-HI-OA': Zone(zone_name='Oahu', country_name='USA'),
    'US-MIDA-PJM': Zone(zone_name='PJM Interconnection, Llc', country_name='USA'),
    'US-MIDW-AECI': Zone(zone_name='Associated Electric Cooperative, Inc.', country_name='USA'),
    'US-MIDW-LGEE': Zone(zone_name='Louisville Gas And Electric Company And Kentucky Utilities', country_name='USA'),
    'US-MIDW-MISO': Zone(zone_name='Midcontinent Independent Transmission System Operator, Inc.', country_name='USA'),
    'US-NE-ISNE': Zone(zone_name='Iso New England Inc.', country_name='USA'),
    'US-NW-AVA': Zone(zone_name='Avista Corporation', country_name='USA'),
    'US-NW-BPAT': Zone(zone_name='Bonneville Power Administration', country_name='USA'),
    'US-NW-CHPD': Zone(zone_name='PUD No. 1 Of Chelan County', country_name='USA'),
    'US-NW-DOPD': Zone(zone_name='PUD No. 1 Of Douglas County', country_name='USA'),
    'US-NW-GCPD': Zone(zone_name='PUD No. 2 Of Grant County, Washington', country_name='USA'),
    'US-NW-GRID': Zone(zone_name='Gridforce Energy Management, Llc', country_name='USA'),
    'US-NW-GWA': Zone(zone_name='Naturener Power Watch, Llc (Gwa)', country_name='USA'),
    'US-NW-IPCO': Zone(zone_name='Idaho Power Company', country_name='USA'),
    'US-NW-NEVP': Zone(zone_name='Nevada Power Company', country_name='USA'),
    'US-NW-NWMT': Zone(zone_name='Northwestern Energy', country_name='USA'),
    'US-NW-PACE': Zone(zone_name='Pacificorp East', country_name='USA'),
    'US-NW-PACW': Zone(zone_name='Pacificorp West', country_name='USA'),
    'US-NW-PGE': Zone(zone_name='Portland General Electric Company', country_name='USA'),
    'US-NW-PSCO': Zone(zone_name='Public Service Company Of Colorado', country_name='USA'),
    'US-NW-PSEI': Zone(zone_name='Puget Sound Energy', country_name='USA'),
    'US-NW-SCL': Zone(zone_name='Seattle City Light', country_name='USA'),
    'US-NW-TPWR': Zone(zone_name='City Of Tacoma, Department Of Public Utilities, Light Division', country_name='USA'),
    'US-NW-WACM': Zone(zone_name='Western Area Power Administration - Rocky Mountain Region', country_name='USA'),
    'US-NW-WAUW': Zone(zone_name='Western Area Power Administration UGP West', country_name='USA'),
    'US-NW-WWA': Zone(zone_name='Naturener Wind Watch, Llc', country_name='USA'),
    'US-NY-NYIS': Zone(zone_name='New York Independent System Operator', country_name='USA'),
    'US-SE-SEPA': Zone(zone_name='Southeastern Power Administration', country_name='USA'),
    'US-SE-SOCO': Zone(zone_name='Southern Company Services, Inc. - Trans', country_name='USA'),
    'US-SW-AZPS': Zone(zone_name='Arizona Public Service Company', country_name='USA'),
    'US-SW-EPE': Zone(zone_name='El Paso Electric Company', country_name='USA'),
    'US-SW-GRIF': Zone(zone_name='Griffith Energy, LLC', country_name='USA'),
    'US-SW-PNM': Zone(zone_name='Public Service Company Of New Mexico', country_name='USA'),
    'US-SW-SRP': Zone(zone_name='Salt River Project', country_name='USA'),
    'US-SW-TEPC': Zone(zone_name='Tucson Electric Power Company', country_name='USA'),
    'US-SW-WALC': Zone(zone_name='Western Area Power Administration - Desert Southwest Region', country_name='USA'),
    'US-TEN-TVA': Zone(zone_name='Tennessee Valley Authority', country_name='USA'),
    'US-TEX-ERCO': Zone(zone_name='Electric Reliability Council Of Texas, Inc.', country_name='USA'),
    'UY': Zone(zone_name='Uruguay', country_name=None),
    'UZ': Zone(zone_name='Uzbekistan', country_name=None),
    'VC': Zone(zone_name='Saint Vincent and the Grenadines', country_name=None),
    'VE': Zone(zone_name='Venezuela', country_name=None),
    'VI': Zone(zone_name='Virgin Islands', country_name='USA'),
    'VN': Zone(zone_name='Vietnam', country_name=None),
    'VN-C': Zone(zone_name='Central Vietnam', country_name='Vietnam'),
    'VN-N': Zone(zone_name='Northern Vietnam', country_name='Vietnam'),
    'VN-S': Zone(zone_name='Southern Vietnam', country_name='Vietnam'),
    'VU': Zone(zone_name='Vanuatu', country_name=None),
    'WS': Zone(zone_name='Samoa', country_name=None),
    'XK': Zone(zone_name='Kosovo', country_name=None),
    'XX': Zone(zone_name='Northern Cyprus', country_name=None),
    'YE': Zone(zone_name='Yemen', country_name=None),
    'YT': Zone(zone_name='Mayotte', country_name=None),
    'ZA': Zone(zone_name='South Africa', country_name=None),
    'ZM': Zone(zone_name='Zambia', country_name=None),
    'ZW': Zone(zone_name='Zimbabwe', country_name=None),
  })
# ---
